<?xml version="1.0" encoding="UTF-8"?>
<!-- Don't edit this file! It is automatically updated -->
<!-- If you want to suggest a change, please open a PR or issue in the original repository -->
<!-- This file's documentation -->
<configuration>
    <loggers>
        <logger name="org.http4s" level="off" />
    </loggers>
</configuration>